 * Serving Flask app 'index'
 * Debug mode: on
[31m[1mWARNING: This is a development server. Do not use it in a production deployment. Use a production WSGI server instead.[0m
 * Running on http://127.0.0.1:5328
[33mPress CTRL+C to quit[0m
 * Restarting with stat
 * Debugger is active!
 * Debugger PIN: 123-396-847
127.0.0.1 - - [17/May/2026 13:25:38] "POST /api/generate-reel-storyboard HTTP/1.1" 200 -
 * Detected change in '/app/maya-dashboard/api/agency.py', reloading
--- [COO] Initializing Ecosystem for Concept: Luxury Travel & Fashion fusion concept set in Mumbai. ---

>> [Researcher] Analyzing trends...

[Deliverable: Visual Trend Directive]
Visual Trend Directive:
Concept: Match-Cut Architectural Transitions.
Color Palette: Terra-cotta and deep emerald.
Hook: Sharp turn from a narrow cobbled street revealing a sweeping piazza.

>> [Creative Director] Storyboarding...

[Deliverable: Initial Storyboard]
Storyboard:
Frame 1 (0-1.5s): Quick pan up a 600-year-old column in Rome. High contrast.
Frame 2 (1.5-3s): Match-cut to the model's structured blazer sleeve moving at the same speed.
Frame 3 (3-5s): Slow-motion walking shot, no text.
Frame 4 (5-7s): Camera pans down to the cobblestones, looping perfectly back to Frame 1.

>> [Critic] Reviewing against Brand Guidelines...

[Deliverable: Critique Notes]
APPROVED

>> Storyboard approved on first pass.
>> [Manager] Preparing assets and SEO metadata...

[Deliverable: Asset & Metadata Package]
Asset Requirements: 4 clips total, 4K at 60fps.
Caption: Rome isn't built in a day, but an outfit is. 🏛️✨
Alt-text: Model in chic blazer walking in Rome piazza.

--- [COO] Reel Workflow Complete ---
 * Restarting with stat
 * Debugger is active!
 * Debugger PIN: 123-396-847
